location                                                                                                                                                                                                                                                        tot_deaths
--------------------------------------------------------------------------------------------------------------------------------------------------------------------------------------------------------------------------------------------------------------- -----------
Saint Kitts and Nevis                                                                                                                                                                                                                                           NULL
Antigua and Barbuda                                                                                                                                                                                                                                             2999
Finland                                                                                                                                                                                                                                                         179019
Sao Tome and Principe                                                                                                                                                                                                                                           6575
Falkland Islands                                                                                                                                                                                                                                                NULL
Rwanda                                                                                                                                                                                                                                                          34796
Bahrain                                                                                                                                                                                                                                                         102401
South Korea                                                                                                                                                                                                                                                     290963
Eswatini                                                                                                                                                                                                                                                        87437
Gambia                                                                                                                                                                                                                                                          33973
Liberia                                                                                                                                                                                                                                                         26318
Guatemala                                                                                                                                                                                                                                                       1339085
Andorra                                                                                                                                                                                                                                                         28419
Vietnam                                                                                                                                                                                                                                                         9108
New Zealand                                                                                                                                                                                                                                                     9056
Angola                                                                                                                                                                                                                                                          97040
Nauru                                                                                                                                                                                                                                                           NULL
Uganda                                                                                                                                                                                                                                                          55916
Monaco                                                                                                                                                                                                                                                          3377
Egypt                                                                                                                                                                                                                                                           2414560
Kyrgyzstan                                                                                                                                                                                                                                                      380028
Mali                                                                                                                                                                                                                                                            74592
Italy                                                                                                                                                                                                                                                           22409670
Azerbaijan                                                                                                                                                                                                                                                      567881
Brazil                                                                                                                                                                                                                                                          60047815
Democratic Republic of Congo                                                                                                                                                                                                                                    142432
Guinea-Bissau                                                                                                                                                                                                                                                   13757
Bermuda                                                                                                                                                                                                                                                         NULL
Netherlands                                                                                                                                                                                                                                                     3655650
Namibia                                                                                                                                                                                                                                                         69721
Greenland                                                                                                                                                                                                                                                       NULL
Cameroon                                                                                                                                                                                                                                                        163700
Jordan                                                                                                                                                                                                                                                          839856
Belarus                                                                                                                                                                                                                                                         410748
Madagascar                                                                                                                                                                                                                                                      79215
Cayman Islands                                                                                                                                                                                                                                                  NULL
Marshall Islands                                                                                                                                                                                                                                                NULL
Hong Kong                                                                                                                                                                                                                                                       NULL
Faeroe Islands                                                                                                                                                                                                                                                  NULL
Bolivia                                                                                                                                                                                                                                                         2596150
Malaysia                                                                                                                                                                                                                                                        173720
San Marino                                                                                                                                                                                                                                                      21048
Sri Lanka                                                                                                                                                                                                                                                       63250
Gibraltar                                                                                                                                                                                                                                                       NULL
Jamaica                                                                                                                                                                                                                                                         80831
Indonesia                                                                                                                                                                                                                                                       6378468
Uzbekistan                                                                                                                                                                                                                                                      150610
Germany                                                                                                                                                                                                                                                         10869835
Philippines                                                                                                                                                                                                                                                     2537356
Cuba                                                                                                                                                                                                                                                            66469
Lithuania                                                                                                                                                                                                                                                       437038
Iceland                                                                                                                                                                                                                                                         7146
Senegal                                                                                                                                                                                                                                                         155213
Barbados                                                                                                                                                                                                                                                        5280
Turks and Caicos Islands                                                                                                                                                                                                                                        NULL
Guernsey                                                                                                                                                                                                                                                        NULL
Kuwait                                                                                                                                                                                                                                                          270044
Cyprus                                                                                                                                                                                                                                                          35068
Hungary                                                                                                                                                                                                                                                         2460687
Malawi                                                                                                                                                                                                                                                          133874
Switzerland                                                                                                                                                                                                                                                     1877246
Estonia                                                                                                                                                                                                                                                         99611
United States                                                                                                                                                                                                                                                   106611210
Algeria                                                                                                                                                                                                                                                         736850
Palestine                                                                                                                                                                                                                                                       341716
Aruba                                                                                                                                                                                                                                                           NULL
Comoros                                                                                                                                                                                                                                                         15286
Ecuador                                                                                                                                                                                                                                                         3971429
Nigeria                                                                                                                                                                                                                                                         430242
Curacao                                                                                                                                                                                                                                                         NULL
Samoa                                                                                                                                                                                                                                                           NULL
North Macedonia                                                                                                                                                                                                                                                 597433
El Salvador                                                                                                                                                                                                                                                     370265
Malta                                                                                                                                                                                                                                                           50448
Bosnia and Herzegovina                                                                                                                                                                                                                                          931552
Mongolia                                                                                                                                                                                                                                                        1596
Bahamas                                                                                                                                                                                                                                                         39511
Montenegro                                                                                                                                                                                                                                                      171266
Ethiopia                                                                                                                                                                                                                                                        504122
Lebanon                                                                                                                                                                                                                                                         642191
Saudi Arabia                                                                                                                                                                                                                                                    1653691
Iraq                                                                                                                                                                                                                                                            3269877
Laos                                                                                                                                                                                                                                                            NULL
Chad                                                                                                                                                                                                                                                            36466
Macao                                                                                                                                                                                                                                                           NULL
Australia                                                                                                                                                                                                                                                       242043
Kosovo                                                                                                                                                                                                                                                          319907
Mauritius                                                                                                                                                                                                                                                       4064
Belize                                                                                                                                                                                                                                                          48169
United Kingdom                                                                                                                                                                                                                                                  25219149
Mexico                                                                                                                                                                                                                                                          36622615
Albania                                                                                                                                                                                                                                                         305589
Myanmar                                                                                                                                                                                                                                                         523954
Sierra Leone                                                                                                                                                                                                                                                    24956
Sweden                                                                                                                                                                                                                                                          2922602
Honduras                                                                                                                                                                                                                                                        908819
Nicaragua                                                                                                                                                                                                                                                       49073
Kenya                                                                                                                                                                                                                                                           396702
Ukraine                                                                                                                                                                                                                                                         4791776
Trinidad and Tobago                                                                                                                                                                                                                                             29880
Argentina                                                                                                                                                                                                                                                       10071947
China                                                                                                                                                                                                                                                           1994667
Liechtenstein                                                                                                                                                                                                                                                   7581
Fiji                                                                                                                                                                                                                                                            521
Solomon Islands                                                                                                                                                                                                                                                 NULL
Armenia                                                                                                                                                                                                                                                         646113
Serbia                                                                                                                                                                                                                                                          765816
Peru                                                                                                                                                                                                                                                            11292517
Czechia                                                                                                                                                                                                                                                         3124948
Vatican                                                                                                                                                                                                                                                         NULL
Saint Helena                                                                                                                                                                                                                                                    NULL
Libya                                                                                                                                                                                                                                                           381759
India                                                                                                                                                                                                                                                           36578144
Burkina Faso                                                                                                                                                                                                                                                    31443
Maldives                                                                                                                                                                                                                                                        13506
Cote d'Ivoire                                                                                                                                                                                                                                                   47883
Croatia                                                                                                                                                                                                                                                         818617
Jersey                                                                                                                                                                                                                                                          NULL
Isle of Man                                                                                                                                                                                                                                                     NULL
Greece                                                                                                                                                                                                                                                          1050481
Dominica                                                                                                                                                                                                                                                        NULL
Botswana                                                                                                                                                                                                                                                        45438
Austria                                                                                                                                                                                                                                                         1375401
United Arab Emirates                                                                                                                                                                                                                                            241083
Russia                                                                                                                                                                                                                                                          15069275
Equatorial Guinea                                                                                                                                                                                                                                               26654
Israel                                                                                                                                                                                                                                                          989236
Qatar                                                                                                                                                                                                                                                           75484
Zimbabwe                                                                                                                                                                                                                                                        191379
Uruguay                                                                                                                                                                                                                                                         113096
Tonga                                                                                                                                                                                                                                                           NULL
Syria                                                                                                                                                                                                                                                           174218
Poland                                                                                                                                                                                                                                                          6889123
Suriname                                                                                                                                                                                                                                                        35496
Canada                                                                                                                                                                                                                                                          4971886
Bulgaria                                                                                                                                                                                                                                                        1688049
Afghanistan                                                                                                                                                                                                                                                     589552
Montserrat                                                                                                                                                                                                                                                      NULL
Central African Republic                                                                                                                                                                                                                                        19763
Togo                                                                                                                                                                                                                                                            19840
Brunei                                                                                                                                                                                                                                                          1057
Burundi                                                                                                                                                                                                                                                         724
Cape Verde                                                                                                                                                                                                                                                      30632
Sudan                                                                                                                                                                                                                                                           417140
Saint Vincent and the Grenadines                                                                                                                                                                                                                                753
South Sudan                                                                                                                                                                                                                                                     21245
Guyana                                                                                                                                                                                                                                                          41343
Slovenia                                                                                                                                                                                                                                                        566307
Haiti                                                                                                                                                                                                                                                           70343
Tunisia                                                                                                                                                                                                                                                         1162115
Moldova                                                                                                                                                                                                                                                         799505
Latvia                                                                                                                                                                                                                                                          207922
Ireland                                                                                                                                                                                                                                                         937846
Slovakia                                                                                                                                                                                                                                                        930413
Mozambique                                                                                                                                                                                                                                                      81198
Gabon                                                                                                                                                                                                                                                           22405
Somalia                                                                                                                                                                                                                                                         63268
Guinea                                                                                                                                                                                                                                                          25146
Thailand                                                                                                                                                                                                                                                        26185
Norway                                                                                                                                                                                                                                                          146129
France                                                                                                                                                                                                                                                          19603382
Grenada                                                                                                                                                                                                                                                         118
Benin                                                                                                                                                                                                                                                           16123
Northern Cyprus                                                                                                                                                                                                                                                 NULL
Dominican Republic                                                                                                                                                                                                                                              741435
Luxembourg                                                                                                                                                                                                                                                      122327
Belgium                                                                                                                                                                                                                                                         5577510
Bhutan                                                                                                                                                                                                                                                          113
Japan                                                                                                                                                                                                                                                           1249841
Morocco                                                                                                                                                                                                                                                         1560115
Tajikistan                                                                                                                                                                                                                                                      26868
Georgia                                                                                                                                                                                                                                                         503546
Yemen                                                                                                                                                                                                                                                           200385
Spain                                                                                                                                                                                                                                                           16767799
Oman                                                                                                                                                                                                                                                            369883
Saint Lucia                                                                                                                                                                                                                                                     4669
Papua New Guinea                                                                                                                                                                                                                                                4874
Turkey                                                                                                                                                                                                                                                          5555782
Eritrea                                                                                                                                                                                                                                                         913
Venezuela                                                                                                                                                                                                                                                       277650
Bangladesh                                                                                                                                                                                                                                                      2018334
Ghana                                                                                                                                                                                                                                                           122946
Micronesia (country)                                                                                                                                                                                                                                            NULL
Congo                                                                                                                                                                                                                                                           31695
Romania                                                                                                                                                                                                                                                         3775113
Denmark                                                                                                                                                                                                                                                         442575
Pakistan                                                                                                                                                                                                                                                        2973292
Singapore                                                                                                                                                                                                                                                       10324
Lesotho                                                                                                                                                                                                                                                         34944
Colombia                                                                                                                                                                                                                                                        11636649
Panama                                                                                                                                                                                                                                                          1125736
Cambodia                                                                                                                                                                                                                                                        1430
Seychelles                                                                                                                                                                                                                                                      1542
Tanzania                                                                                                                                                                                                                                                        7802
Mauritania                                                                                                                                                                                                                                                      86598
Niger                                                                                                                                                                                                                                                           37544
Iran                                                                                                                                                                                                                                                            13528093
Nepal                                                                                                                                                                                                                                                           435678
Chile                                                                                                                                                                                                                                                           4913641
South Africa                                                                                                                                                                                                                                                    8648025
Djibouti                                                                                                                                                                                                                                                        21448
Zambia                                                                                                                                                                                                                                                          169390
Portugal                                                                                                                                                                                                                                                        2343344
Taiwan                                                                                                                                                                                                                                                          3039
Kazakhstan                                                                                                                                                                                                                                                      714276
Anguilla                                                                                                                                                                                                                                                        NULL
Costa Rica                                                                                                                                                                                                                                                      507085
Paraguay                                                                                                                                                                                                                                                        597652
Timor                                                                                                                                                                                                                                                           52
Vanuatu                                                                                                                                                                                                                                                         10
Warning: Null value is eliminated by an aggregate or other SET operation.

(210 rows affected)


Completion time: 2023-06-27T20:15:23.5561896+05:30
